####################################################################################################
# A3 FALLBACK SCREEN: frozen A2 gate, candidate panel
#   candidate series : GSE335963
#   panel            : /workspace/results/a3_fallback/GSE335963_gene_panel_5101.csv
#   gate source      : /workspace/code/gate_disjointness_human.py (verbatim, PANEL and OUT rebound)
#   outputs          : /workspace/results/a3_fallback/gate_GSE335963
#   NOTE: the banner below is printed by the frozen script and says "H1 (GSE326743)".
#         The panel actually loaded is the candidate panel named above.
####################################################################################################
====================================================================================================
PHASE 7 SECTION 11 DISJOINTNESS GATE -- HUMAN ARM H1 (GSE326743, 5101 Gene Expression features)
MSigDB release 2026.1.Hs fetched 2026-08-27
====================================================================================================

### Tier A definition: A_PHASE7_S10_16   (|A & panel| = 14) ###
  [FAIL] assert len(A & panel) >= 15            : 14
  [PASS] assert len(B[B1] & panel) >= 30  tnfa_nfkb_proximal     : 116
  [PASS] assert len(B[B2] & panel) >= 30  il6_jak_stat3          : 71
  [PASS] assert len(B[B3] & panel) >= 30  interferon_response    : 122
  [PASS] assert len(B[B4] & panel) >= 30  downstream_arrest      : 231
  [PASS] assert len(B[B5] & panel) >= 30  emt_ecm                : 104
  [PASS] assert len(B[B6] & panel) >= 30  oxidative_stress       : 36
  [PASS] assert len(B[B7] & panel) >= 30  secondary_senescence   : 113
  [FAIL] assert len(A & B_k) == 0 for all k     : 12 overlapping gene memberships

  Section 11 remedy: remove the overlapping genes FROM TIER A, then re-check >= 15.
    removed by tnfa_nfkb_proximal     ( 2): CDKN1A GADD45A
    removed by interferon_response    ( 1): CDKN1A
    removed by downstream_arrest      ( 8): CDKN1A CDKN2A CHEK1 CHEK2 H2AFX HMGB2 LMNB1 TP53
    removed by emt_ecm                ( 1): GADD45A
    UNIQUE genes removed from Tier A (9): CDKN1A CDKN2A CHEK1 CHEK2 GADD45A H2AFX HMGB2 LMNB1 TP53
  [FAIL] re-check len(A) >= 15 after removal    : 5
    surviving Tier A: ATM ATR CDKN2B MDM2 TP53BP1
  ==> GATE VERDICT for A_PHASE7_S10_16: FAIL

### Tier A definition: A_ported   (|A & panel| = 81) ###
  [PASS] assert len(A & panel) >= 15            : 81
  [PASS] assert len(B[B1] & panel) >= 30  tnfa_nfkb_proximal     : 116
  [PASS] assert len(B[B2] & panel) >= 30  il6_jak_stat3          : 71
  [PASS] assert len(B[B3] & panel) >= 30  interferon_response    : 122
  [PASS] assert len(B[B4] & panel) >= 30  downstream_arrest      : 231
  [PASS] assert len(B[B5] & panel) >= 30  emt_ecm                : 104
  [PASS] assert len(B[B6] & panel) >= 30  oxidative_stress       : 36
  [PASS] assert len(B[B7] & panel) >= 30  secondary_senescence   : 113
  [FAIL] assert len(A & B_k) == 0 for all k     : 54 overlapping gene memberships

  Section 11 remedy: remove the overlapping genes FROM TIER A, then re-check >= 15.
    removed by tnfa_nfkb_proximal     ( 4): CCND1 CDKN1A GADD45A NFE2L2
    removed by interferon_response    ( 1): CDKN1A
    removed by downstream_arrest      (45): APEX1 AURKB BIRC5 BRCA1 BRCA2 BUB1 CBX5 CCNA2 CCNB2 CCND1 CDC20 CDC25A CDK1 CDKN1A CDKN1B CDKN2A CHAF1A CHEK1 CHEK2 E2F1 EZH2 H2AFX HMGA1 HMGB2 LMNB1 MCM2 MCM3 MCM4 MCM5 MCM6 MCM7 MKI67 MRE11 NBN PCNA PLK1 RAD50 RPA1 RRM2 SUV39H1 TOP2A TP53 TYMS UNG XRCC6
    removed by emt_ecm                ( 2): GADD45A MCM7
    removed by oxidative_stress       ( 2): NFE2L2 SESN2
    UNIQUE genes removed from Tier A (48): APEX1 AURKB BIRC5 BRCA1 BRCA2 BUB1 CBX5 CCNA2 CCNB2 CCND1 CDC20 CDC25A CDK1 CDKN1A CDKN1B CDKN2A CHAF1A CHEK1 CHEK2 E2F1 EZH2 GADD45A H2AFX HMGA1 HMGB2 LMNB1 MCM2 MCM3 MCM4 MCM5 MCM6 MCM7 MKI67 MRE11 NBN NFE2L2 PCNA PLK1 RAD50 RPA1 RRM2 SESN2 SUV39H1 TOP2A TP53 TYMS UNG XRCC6
  [PASS] re-check len(A) >= 15 after removal    : 33
    surviving Tier A: ATM ATR BAX BCL2 BCL2L1 CCNB1 CDKN1C CDKN2B DDB2 EHMT2 ERCC1 FOXM1 FOXO3 GADD45G GLB1 MDC1 MDM2 MDM4 NFATC1 PARP1 PHLDA3 RAD51 RB1 RBL2 SIRT1 TERF2 TERT TNFRSF10B TP53BP1 TP63 TP73 XPC XRCC5
  ==> GATE VERDICT for A_ported: PASS

### PRE-REGISTERED SENSITIVITY: per-module sender sets ###
module                   |A_mod|  >=15? A_mod&B_k   canonical markers retained
tnfa_nfkb_proximal            77   PASS         0   CDKN2A CDKN2B TP53 MKI67 LMNB1 TOP2A PCNA MDM2 ATM GLB1 HMGB2
il6_jak_stat3                 81   PASS         0   CDKN1A CDKN2A CDKN2B TP53 MKI67 LMNB1 TOP2A PCNA MDM2 ATM GLB1 HMGB2
interferon_response           80   PASS         0   CDKN2A CDKN2B TP53 MKI67 LMNB1 TOP2A PCNA MDM2 ATM GLB1 HMGB2
downstream_arrest             36   PASS         0   CDKN2B MDM2 ATM GLB1
emt_ecm                       79   PASS         0   CDKN1A CDKN2A CDKN2B TP53 MKI67 LMNB1 TOP2A PCNA MDM2 ATM GLB1 HMGB2
oxidative_stress              79   PASS         0   CDKN1A CDKN2A CDKN2B TP53 MKI67 LMNB1 TOP2A PCNA MDM2 ATM GLB1 HMGB2
secondary_senescence          81   PASS         0   CDKN1A CDKN2A CDKN2B TP53 MKI67 LMNB1 TOP2A PCNA MDM2 ATM GLB1 HMGB2
  [PASS] per-module gate: all 7 have |A_mod| >= 15 AND A_mod n B_k == 0

### FULL TIER A x TIER B INTERSECTION MATRIX (on-panel gene counts) ###
Tier A set                        n     B1    B2    B3    B4    B5    B6    B7    total
---------------------------------------------------------------------------------------
A_core_arrest                     6     0     0     0     0     0     0     0     0
A_proliferation_down              2     0     0     0     0     0     0     0     0
A_nuclear_chromatin               1     0     0     0     0     0     0     0     0
A_dna_damage_response             11    0     0     0     0     0     0     0     0
A_senescence_curated_nonsecreted  13    0     0     0     0     0     0     0     0
A_PHASE7_S10_16 (variant, FAILED) 14    2     0     1     8     1     0     0     12
A_ported_pre_disjointness         81    4     0     1     45    2     2     0     54
A_SENDER_FINAL_noB4_noB7 (variant)75    0     0     0     42    0     0     0     42
A_SENDER_FINAL_noB7 (variant)     33    0     0     0     0     0     0     0     0
A_sender_for_tnfa_nfkb_proximal (sensitivity)77    0     0     0     43    1     1     0     45
A_sender_for_il6_jak_stat3 (sensitivity)81    4     0     1     45    2     2     0     54
A_sender_for_interferon_response (sensitivity)80    3     0     0     44    2     2     0     51
A_sender_for_downstream_arrest (sensitivity)36    2     0     0     0     1     2     0     5
A_sender_for_emt_ecm (sensitivity)79    3     0     1     44    0     2     0     50
A_sender_for_oxidative_stress (sensitivity)79    3     0     1     45    2     0     0     51
A_sender_for_secondary_senescence (sensitivity)81    4     0     1     45    2     2     0     54
A_SENDER_FINAL_strict (PRIMARY)   33    0     0     0     0     0     0     0     0

### TIER B x TIER B INTERSECTION MATRIX (module cross-talk, on-panel) ###
module                  n     B1    B2    B3    B4    B5    B6    B7    
------------------------------------------------------------------------
B1 tnfa_nfkb_proximal   116   116   15    21    5     13    2     25    
B2 il6_jak_stat3        71    15    71    22    1     6     1     16    
B3 interferon_response  122   21    22    122   3     4     1     13    
B4 downstream_arrest    231   5     1     3     231   3     0     6     
B5 emt_ecm              104   13    6     4     3     104   0     17    
B6 oxidative_stress     36    2     1     1     0     0     36    0     
B7 secondary_senescence 113   25    16    13    6     17    0     113   

### MODULE MARGIN OVER THE >=30 FLOOR (human) ###
  tnfa_nfkb_proximal             n=116 margin=+86
  il6_jak_stat3                  n= 71 margin=+41
  interferon_response            n=122 margin=+92
  downstream_arrest              n=231 margin=+201
  emt_ecm                        n=104 margin=+74
  oxidative_stress               n= 36 margin= +6
  secondary_senescence           n=113 margin=+83

### ON-PANEL COUNTS PER TIER FILE ###
  A6_SenMayo_arrest_reference          A    entries=33    on-panel=33    
  A_SENDER_FINAL_strict                A    entries=33    on-panel=33    
  A_core_arrest                        A    entries=6     on-panel=6     
  A_dna_damage_response                A    entries=11    on-panel=11    
  A_nuclear_chromatin                  A    entries=1     on-panel=1     
  A_proliferation_down                 A    entries=2     on-panel=2     
  A_sender_for_downstream_arrest       A    entries=36    on-panel=36    
  A_sender_for_emt_ecm                 A    entries=79    on-panel=79    
  A_sender_for_il6_jak_stat3           A    entries=81    on-panel=81    
  A_sender_for_interferon_response     A    entries=80    on-panel=80    
  A_sender_for_oxidative_stress        A    entries=79    on-panel=79    
  A_sender_for_secondary_senescence    A    entries=81    on-panel=81    
  A_sender_for_tnfa_nfkb_proximal      A    entries=77    on-panel=77    
  A_senescence_curated_nonsecreted     A    entries=13    on-panel=13    
  B_downstream_arrest                  B    entries=231   on-panel=231   
  B_emt_ecm                            B    entries=113   on-panel=104   
  B_il6_jak_stat3                      B    entries=71    on-panel=71    
  B_interferon_response                B    entries=126   on-panel=122   
  B_oxidative_stress                   B    entries=36    on-panel=36    
  B_secondary_senescence               B    entries=116   on-panel=113   
  B_tnfa_nfkb_proximal                 B    entries=120   on-panel=116   
  C_ligands                            C    entries=13    on-panel=12    
  C_receptors                          C    entries=15    on-panel=15    
  D_landmark_vessel_stroma             D    entries=13    on-panel=10    
  D_nuisance_covariates                D    entries=13    on-panel=n/a   covariate names, not genes
  D_spleen_capsule_trabecula           D    entries=18    on-panel=15    
  D_spleen_marginal_zone               D    entries=8     on-panel=8     
  D_spleen_red_pulp                    D    entries=28    on-panel=22    
  D_spleen_white_pulp_follicle         D    entries=13    on-panel=13    
  D_spleen_white_pulp_tzone            D    entries=24    on-panel=23    
  E_genomic_controls                   E    entries=21    on-panel=n/a   control features, not Gene Expression
  E_housekeeping_expanded              E    entries=8     on-panel=8     
  E_housekeeping_planA                 E    entries=1     on-panel=1     
  E_negative_control_codewords         E    entries=609   on-panel=n/a   control features, not Gene Expression
  E_negative_control_probes            E    entries=40    on-panel=n/a   control features, not Gene Expression

### CoreScence circularity ###
  mouse arm, DERIVED (code/corescence_circularity.py, fallback mapping): pre-C6 26/33 = 79% ; C6-promoted 29/33 = 88%
  CITE THE FROZEN NUMBER. Re-sourcing B7 raised it -- see reports/BIO_PHASE8_FREEZE.md sec 3.
  FROZEN (re-sourced B7, n=113)              28/35 = 80%
  SUPERSEDED (curated v1 B7, n=34)           24/35 = 69%
  CoreScence v2, occurrence >= 5 : 39 genes (HUMAN symbols, NO remapping needed on H1)
  on the GSE326743 panel         : 35
  circular genes under the FROZEN Tier B: AXL BRCA1 BUB1B CCL2 CCNA2 CDK1 CDKN1A CDKN2A CXCL8 EGFR FAS FGF2 GDF15 HELLS HMGB2 ICAM1 IGF1 IGFBP1 IGFBP2 IL1A IL6 LMNB1 SERPINE1 STAT1 TGFB1 TNFRSF10C VEGFA WNT2
  per module (FROZEN):
    tnfa_nfkb_proximal        7 / 35 = 0.20
    il6_jak_stat3             4 / 35 = 0.11
    interferon_response       6 / 35 = 0.17
    downstream_arrest        10 / 35 = 0.29
    emt_ecm                   8 / 35 = 0.23
    oxidative_stress          0 / 35 = 0.00
    secondary_senescence     17 / 35 = 0.49

### Phase 7 section 23 / C6 -- B7 secondary_senescence overlap with the Tier A caller ###
  A_PHASE7_S10_16    |B7|=113  shares 0 genes with A_PHASE7_S10_16: -
  A_ported           |B7|=113  shares 0 genes with A_ported: -
  Mouse arm reference (section 23 C6): B7 shared 14 of 38 genes with the Tier A caller.
  C6 ADOPTED 2026-08-27: B7 is now re-sourced from SAUL_SEN_MAYO + REACTOME_SASP minus the
  Tier A caller pool, so the overlap is 0 by construction. The superseded curated v1 is
  archived at genesets/human/variants/B_secondary_senescence_v1_curated_ported.txt and is
  reported alongside, as section 23 / C6 requires.

Written to /workspace/results/a3_fallback/gate_GSE335963

### FROZEN CONFIGURATION VERDICT: PASS ###
