
     0K  0% 18.1M 12m25s
 32768K  0% 29.6M 10m0s
 65536K  0% 32.7M 8m56s
 98304K  0% 29.4M 8m36s
131072K  1% 33.0M 8m13s
163840K  1% 20.9M 8m36s
196608K  1% 18.7M 9m3s
229376K  1% 18.2M 9m25s
262144K  2% 16.3M 9m52s
294912K  2% 14.9M 10m20s
327680K  2% 15.7M 10m39s
360448K  2% 16.2M 10m52s
393216K  3% 16.2M 11m3s
425984K  3% 16.2M 11m12s
458752K  3% 16.4M 11m19s
491520K  3% 16.9M 11m23s
524288K  4% 18.3M 11m23s
557056K  4% 19.9M 11m20s
589824K  4% 21.9M 11m14s
622592K  4% 19.0M 11m12s
655360K  4% 19.9M 11m10s
688128K  5% 21.7M 11m5s
720896K  5% 22.6M 10m59s
753664K  5% 23.1M 10m53s
786432K  5% 23.4M 10m47s
819200K  6% 19.6M 10m45s
851968K  6% 18.3M 10m46s
884736K  6% 18.2M 10m46s
917504K  6% 15.0M 10m51s
950272K  7% 16.1M 10m54s
983040K  7% 16.6M 10m56s
1015808K  7% 16.7M 10m57s
1048576K  7% 16.6M 10m58s
1081344K  8% 16.9M 10m59s
1114112K  8% 17.2M 10m59s
1146880K  8% 18.0M 10m58s
1179648K  8% 18.7M 10m57s
1212416K  8% 21.5M 10m53s
1245184K  9% 23.4M 10m48s
1277952K  9% 26.4M 10m42s
1310720K  9% 28.7M 10m35s
1343488K  9% 27.9M 10m29s
1376256K 10% 23.1M 10m25s
1409024K 10% 19.3M 10m23s
1441792K 10% 20.1M 10m21s
1474560K 10% 20.8M 10m19s
1507328K 11% 19.3M 10m17s
1540096K 11% 15.8M 10m18s
1572864K 11% 17.1M 10m19s
1605632K 11% 18.0M 10m18s
1638400K 12% 18.0M 10m17s
1671168K 12% 16.6M 10m17s
1703936K 12% 15.5M 10m19s
1736704K 12% 16.0M 10m19s
1769472K 12% 13.6M 10m22s
1802240K 13% 14.0M 10m24s
1835008K 13% 14.4M 10m26s
1867776K 13% 14.6M 10m27s
1900544K 13% 14.6M 10m29s
1933312K 14% 14.8M 10m29s
1966080K 14% 15.7M 10m30s
1998848K 14% 16.8M 10m29s
2031616K 14% 18.9M 10m27s
2064384K 15% 21.0M 10m24s
2097152K 15% 24.8M 10m20s
2129920K 15% 27.0M 10m15s
2162688K 15% 24.6M 10m11s
2195456K 16% 30.2M 10m6s
2228224K 16% 26.3M 10m2s
2260992K 16% 27.9M 9m57s
2293760K 16% 29.3M 9m53s
2326528K 16% 30.6M 9m48s
2359296K 17% 30.7M 9m43s
2392064K 17% 31.7M 9m38s
2424832K 17% 26.3M 9m35s
2457600K 17% 29.0M 9m31s
2490368K 18% 24.5M 9m27s
2523136K 18% 25.3M 9m24s
2555904K 18% 26.3M 9m21s
2588672K 18% 26.7M 9m17s
2621440K 19% 26.9M 9m14s
2654208K 19% 27.3M 9m10s
2686976K 19% 27.2M 9m7s
2719744K 19% 27.1M 9m4s
2752512K 20% 27.1M 9m0s
2785280K 20% 27.4M 8m57s
2818048K 20% 27.5M 8m54s
2850816K 20% 27.6M 8m51s
2883584K 21% 28.3M 8m47s
2916352K 21% 29.0M 8m44s
2949120K 21% 29.7M 8m41s
2981888K 21% 31.3M 8m37s
3014656K 21% 32.3M 8m33s
3047424K 22% 34.1M 8m30s
3080192K 22% 36.1M 8m26s
3112960K 22% 37.7M 8m22s
3145728K 22% 40.0M 8m18s
3178496K 23% 42.9M 8m14s
3211264K 23% 40.4M 8m10s
3244032K 23% 36.6M 8m6s
3276800K 23% 25.9M 8m4s
3309568K 24% 32.0M 8m1s
3342336K 24% 29.3M 7m58s
3375104K 24% 19.7M 7m57s
3407872K 24% 19.9M 7m56s
3440640K 25% 20.7M 7m55s
3473408K 25% 21.1M 7m53s
3506176K 25% 21.3M 7m52s
3538944K 25% 21.5M 7m50s
3571712K 25% 20.6M 7m49s
3604480K 26% 21.6M 7m47s
3637248K 26% 22.0M 7m46s
3670016K 26% 22.5M 7m44s
3702784K 26% 23.1M 7m42s
3735552K 27% 24.1M 7m40s
3768320K 27% 23.8M 7m39s
3801088K 27% 23.4M 7m37s
3833856K 27% 22.2M 7m35s
3866624K 28% 26.5M 7m33s
3899392K 28% 25.9M 7m31s
3932160K 28% 25.3M 7m29s
3964928K 28% 28.3M 7m26s
3997696K 29% 23.6M 7m25s
4030464K 29% 24.5M 7m23s
4063232K 29% 20.8M 7m21s
4096000K 29% 23.1M 7m20s
4128768K 29% 19.1M 7m19s
4161536K 30% 17.8M 7m18s
4194304K 30% 18.2M 7m17s
4227072K 30% 20.0M 7m16s
4259840K 30% 19.5M 7m15s
4292608K 31% 18.8M 7m14s
4325376K 31% 20.2M 7m12s
4358144K 31% 19.7M 7m11s
4390912K 31% 19.9M 7m10s
4423680K 32% 20.9M 7m9s
4456448K 32% 21.7M 7m7s
4489216K 32% 23.1M 7m5s
4521984K 32% 24.4M 7m3s
4554752K 33% 23.6M 7m2s
4587520K 33% 18.1M 7m1s
4620288K 33% 17.1M 7m0s
4653056K 33% 17.8M 6m59s
4685824K 33% 18.3M 6m58s
4718592K 34% 18.5M 6m57s
4751360K 34% 18.5M 6m56s
4784128K 34% 18.5M 6m55s
4816896K 34% 18.7M 6m54s
4849664K 35% 19.2M 6m53s
4882432K 35% 20.1M 6m51s
4915200K 35% 21.1M 6m50s
4947968K 35% 22.9M 6m48s
4980736K 36% 25.6M 6m46s
5013504K 36% 24.7M 6m44s
5046272K 36% 33.4M 6m42s
5079040K 36% 29.5M 6m40s
5111808K 37% 30.9M 6m37s
5144576K 37% 35.9M 6m35s
5177344K 37% 24.5M 6m33s
5210112K 37% 22.9M 6m32s
5242880K 38% 18.9M 6m30s
5275648K 38% 13.6M 6m30s
5308416K 38% 14.2M 6m30s
5341184K 38% 14.4M 6m30s
5373952K 38% 11.5M 6m30s
5406720K 39% 12.4M 6m30s
5439488K 39% 12.6M 6m30s
5472256K 39% 12.7M 6m30s
5505024K 39% 13.0M 6m30s
5537792K 40% 11.2M 6m31s
5570560K 40% 11.3M 6m31s
5603328K 40% 8.30M 6m33s
5636096K 40% 8.47M 6m35s
5668864K 41% 8.61M 6m36s
5701632K 41% 9.33M 6m37s
5734400K 41% 11.5M 6m37s
5767168K 41% 13.3M 6m37s
5799936K 42% 13.1M 6m36s
5832704K 42% 14.8M 6m35s
5865472K 42% 15.4M 6m34s
5898240K 42% 15.6M 6m33s
5931008K 42% 15.6M 6m32s
5963776K 43% 15.8M 6m31s
5996544K 43% 16.1M 6m30s
6029312K 43% 17.0M 6m29s
6062080K 43% 18.6M 6m27s
6094848K 44% 17.9M 6m26s
6127616K 44% 19.5M 6m24s
6160384K 44% 18.8M 6m23s
6193152K 44% 20.1M 6m21s
6225920K 45% 21.4M 6m19s
6258688K 45% 21.5M 6m17s
6291456K 45% 22.0M 6m16s
6324224K 45% 19.7M 6m14s
6356992K 46% 17.6M 6m12s
6389760K 46% 19.5M 6m11s
6422528K 46% 20.6M 6m9s
6455296K 46% 21.5M 6m7s
6488064K 46% 21.6M 6m6s
6520832K 47% 21.9M 6m4s
6553600K 47% 21.6M 6m2s
6586368K 47% 22.3M 6m0s
6619136K 47% 18.6M 5m59s
6651904K 48% 17.9M 5m57s
6684672K 48% 19.3M 5m56s
6717440K 48% 21.2M 5m54s
6750208K 48% 21.9M 5m52s
6782976K 49% 21.5M 5m50s
6815744K 49% 22.2M 5m48s
6848512K 49% 22.1M 5m47s
6881280K 49% 22.1M 5m45s
6914048K 50% 17.5M 5m43s
6946816K 50% 18.9M 5m42s
6979584K 50% 20.1M 5m40s
7012352K 50% 21.1M 5m38s
7045120K 50% 19.8M 5m37s
7077888K 51% 17.7M 5m35s
7110656K 51% 17.2M 5m34s
7143424K 51% 16.1M 5m33s
7176192K 51% 14.3M 5m32s
7208960K 52% 15.2M 5m30s
7241728K 52% 15.5M 5m29s
7274496K 52% 15.5M 5m28s
7307264K 52% 15.6M 5m27s
7340032K 53% 15.9M 5m25s
7372800K 53% 16.4M 5m24s
7405568K 53% 18.1M 5m22s
7438336K 53% 19.9M 5m21s
7471104K 54% 22.1M 5m19s
7503872K 54% 25.3M 5m17s
7536640K 54% 21.8M 5m15s
7569408K 54% 21.9M 5m14s
7602176K 55% 23.8M 5m12s
7634944K 55% 25.9M 5m10s
7667712K 55% 26.3M 5m8s
7700480K 55% 22.8M 5m6s
7733248K 55% 16.2M 5m5s
7766016K 56% 15.8M 5m3s
7798784K 56% 16.9M 5m2s
7831552K 56% 17.1M 5m0s
7864320K 56% 13.9M 4m59s
7897088K 57% 11.7M 4m58s
7929856K 57% 9.28M 4m58s
7962624K 57% 9.87M 4m58s
7995392K 57% 10.0M 4m57s
8028160K 58% 10.3M 4m56s
8060928K 58% 11.6M 4m56s
8093696K 58% 10.5M 4m55s
8126464K 58% 10.5M 4m54s
8159232K 59% 10.1M 4m53s
8192000K 59% 10.5M 4m53s
8224768K 59% 8.91M 4m52s
8257536K 59% 10.1M 4m52s
8290304K 59% 10.4M 4m51s
8323072K 60% 8.87M 4m50s
8355840K 60% 10.1M 4m50s
8388608K 60% 10.5M 4m49s
8421376K 60% 10.7M 4m48s
8454144K 61% 11.4M 4m47s
8486912K 61% 13.2M 4m45s
8519680K 61% 16.4M 4m44s
8552448K 61% 19.5M 4m42s
8585216K 62% 23.1M 4m40s
8617984K 62% 27.6M 4m38s
8650752K 62% 30.5M 4m36s
8683520K 62% 35.5M 4m34s
8716288K 63% 38.5M 4m31s
8749056K 63% 36.7M 4m29s
8781824K 63% 43.1M 4m27s
8814592K