
     0K  0% 11.2M 24m29s
 32768K  0% 15.0M 21m21s
 65536K  0% 15.7M 20m1s
 98304K  0% 12.7M 20m21s
131072K  0% 13.0M 20m26s
163840K  1% 13.6M 20m20s
196608K  1% 13.5M 20m16s
229376K  1% 13.6M 20m11s
262144K  1% 14.2M 20m2s
294912K  1% 15.2M 19m46s
327680K  2% 16.9M 19m23s
360448K  2% 19.3M 18m54s
393216K  2% 22.4M 18m20s
425984K  2% 20.6M 17m55s
458752K  2% 21.7M 17m31s
491520K  3% 22.2M 17m8s
524288K  3% 24.2M 16m44s
557056K  3% 23.7M 16m24s
589824K  3% 17.9M 16m17s
622592K  3% 15.8M 16m16s
655360K  4% 15.8M 16m16s
688128K  4% 16.5M 16m13s
720896K  4% 16.7M 16m10s
753664K  4% 16.7M 16m7s
786432K  4% 16.5M 16m4s
819200K  5% 17.4M 16m0s
851968K  5% 17.6M 15m55s
884736K  5% 19.0M 15m49s
917504K  5% 20.6M 15m40s
950272K  5% 22.8M 15m30s
983040K  6% 24.8M 15m18s
1015808K  6% 21.5M 15m10s
1048576K  6% 21.8M 15m2s
1081344K  6% 23.8M 14m53s
1114112K  6% 25.3M 14m43s
1146880K  6% 18.9M 14m39s
1179648K  7% 21.5M 14m33s
1212416K  7% 21.0M 14m27s
1245184K  7% 21.6M 14m21s
1277952K  7% 22.1M 14m15s
1310720K  7% 22.9M 14m9s
1343488K  8% 22.3M 14m3s
1376256K  8% 21.7M 13m58s
1409024K  8% 22.5M 13m52s
1441792K  8% 21.0M 13m48s
1474560K  8% 17.9M 13m47s
1507328K  9% 19.9M 13m43s
1540096K  9% 20.7M 13m39s
1572864K  9% 22.6M 13m35s
1605632K  9% 22.5M 13m30s
1638400K  9% 22.6M 13m25s
1671168K 10% 22.7M 13m20s
1703936K 10% 23.3M 13m16s
1736704K 10% 22.9M 13m11s
1769472K 10% 22.5M 13m7s
1802240K 10% 22.6M 13m3s
1835008K 11% 24.1M 12m58s
1867776K 11% 24.7M 12m53s
1900544K 11% 26.6M 12m48s
1933312K 11% 25.7M 12m43s
1966080K 11% 20.3M 12m40s
1998848K 12% 22.7M 12m37s
2031616K 12% 25.2M 12m32s
2064384K 12% 22.4M 12m29s
2097152K 12% 20.4M 12m27s
2129920K 12% 20.6M 12m24s
2162688K 12% 21.8M 12m22s
2195456K 13% 22.4M 12m18s
2228224K 13% 21.9M 12m16s
2260992K 13% 22.8M 12m12s
2293760K 13% 22.5M 12m9s
2326528K 13% 22.7M 12m6s
2359296K 14% 22.5M 12m3s
2392064K 14% 23.3M 12m0s
2424832K 14% 23.0M 11m57s
2457600K 14% 24.7M 11m54s
2490368K 14% 25.2M 11m50s
2523136K 15% 27.4M 11m46s
2555904K 15% 28.7M 11m41s
2588672K 15% 30.3M 11m37s
2621440K 15% 33.2M 11m32s
2654208K 15% 26.5M 11m28s
2686976K 16% 27.9M 11m24s
2719744K 16% 28.8M 11m20s
2752512K 16% 31.4M 11m16s
2785280K 16% 32.1M 11m11s
2818048K 16% 32.6M 11m7s
2850816K 17% 28.8M 11m3s
2883584K 17% 24.6M 11m1s
2916352K 17% 26.9M 10m57s
2949120K 17% 27.1M 10m54s
2981888K 17% 28.0M 10m51s
3014656K 18% 28.8M 10m47s
3047424K 18% 29.0M 10m44s
3080192K 18% 28.3M 10m40s
3112960K 18% 28.9M 10m37s
3145728K 18% 28.9M 10m34s
3178496K 19% 28.9M 10m31s
3211264K 19% 29.0M 10m27s
3244032K 19% 28.7M 10m24s
3276800K 19% 29.1M 10m21s
3309568K 19% 30.3M 10m18s
3342336K 19% 25.2M 10m15s
3375104K 20% 28.6M 10m12s
3407872K 20% 29.7M 10m9s
3440640K 20% 27.2M 10m7s
3473408K 20% 31.4M 10m3s
3506176K 20% 31.5M 10m0s
3538944K 21% 32.8M 9m57s
3571712K 21% 16.4M 9m57s
3604480K 21% 16.2M 9m58s
3637248K 21% 16.9M 9m58s
3670016K 21% 17.3M 9m57s
3702784K 22% 17.1M 9m57s
3735552K 22% 17.3M 9m57s
3768320K 22% 17.6M 9m57s
3801088K 22% 18.0M 9m56s
3833856K 22% 19.0M 9m55s
3866624K 23% 19.9M 9m54s
3899392K 23% 22.4M 9m52s
3932160K 23% 24.1M 9m50s
3964928K 23% 27.1M 9m48s
3997696K 23% 26.5M 9m46s
4030464K 24% 26.4M 9m43s
4063232K 24% 25.2M 9m41s
4096000K 24% 27.2M 9m39s
4128768K 24% 27.5M 9m36s
4161536K 24% 31.2M 9m33s
4194304K 25% 30.3M 9m30s
4227072K 25% 28.4M 9m28s
4259840K 25% 26.0M 9m26s
4292608K 25% 30.2M 9m23s
4325376K 25% 27.0M 9m21s
4358144K 25% 28.1M 9m18s
4390912K 26% 29.6M 9m16s
4423680K 26% 28.9M 9m13s
4456448K 26% 27.8M 9m11s
4489216K 26% 28.6M 9m9s
4521984K 26% 30.4M 9m6s
4554752K 27% 30.0M 9m4s
4587520K 27% 28.2M 9m1s
4620288K 27% 29.2M 8m59s
4653056K 27% 27.3M 8m57s
4685824K 27% 28.5M 8m55s
4718592K 28% 33.7M 8m52s
4751360K 28% 30.3M 8m50s
4784128K 28% 29.3M 8m47s
4816896K 28% 32.5M 8m45s
4849664K 28% 30.5M 8m42s
4882432K 29% 13.5M 8m43s
4915200K 29% 17.8M 8m43s
4947968K 29% 19.1M 8m42s
4980736K 29% 19.7M 8m41s
5013504K 29% 19.9M 8m40s
5046272K 30% 20.3M 8m39s
5079040K 30% 20.1M 8m38s
5111808K 30% 20.0M 8m37s
5144576K 30% 20.7M 8m35s
5177344K 30% 20.4M 8m34s
5210112K 31% 21.8M 8m33s
5242880K 31% 22.7M 8m31s
5275648K 31% 24.9M 8m30s
5308416K 31% 26.2M 8m28s
5341184K 31% 29.0M 8m25s
5373952K 31% 28.1M 8m23s
5406720K 32% 33.5M 8m21s
5439488K 32% 27.1M 8m19s
5472256K 32% 35.5M 8m16s
5505024K 32% 14.7M 8m17s
5537792K 32% 16.0M 8m16s
5570560K 33% 17.1M 8m16s
5603328K 33% 16.8M 8m15s
5636096K 33% 16.8M 8m15s
5668864K 33% 17.5M 8m14s
5701632K 33% 17.6M 8m13s
5734400K 34% 17.7M 8m13s
5767168K 34% 18.6M 8m12s
5799936K 34% 19.8M 8m10s
5832704K 34% 22.2M 8m9s
5865472K 34% 23.9M 8m7s
5898240K 35% 26.8M 8m5s
5931008K 35% 25.1M 8m4s
5963776K 35% 24.4M 8m2s
5996544K 35% 24.8M 8m0s
6029312K 35% 27.0M 7m58s
6062080K 36% 27.6M 7m56s
6094848K 36% 28.2M 7m54s
6127616K 36% 28.0M 7m52s
6160384K 36% 32.6M 7m50s
6193152K 36% 28.1M 7m48s
6225920K 37% 27.0M 7m46s
6258688K 37% 31.4M 7m44s
6291456K 37% 28.0M 7m42s
6324224K 37% 30.8M 7m40s
6356992K 37% 23.7M 7m39s
6389760K 38% 13.5M 7m39s
6422528K 38% 13.1M 7m39s
6455296K 38% 13.5M 7m39s
6488064K 38% 14.1M 7m39s
6520832K 38% 13.9M 7m39s
6553600K 38% 14.3M 7m38s
6586368K 39% 15.1M 7m38s
6619136K 39% 16.4M 7m37s
6651904K 39% 18.7M 7m36s
6684672K 39% 21.4M 7m35s
6717440K 39% 24.4M 7m33s
6750208K 40% 27.5M 7m31s
6782976K 40% 30.9M 7m29s
6815744K 40% 34.7M 7m27s
6848512K 40% 37.6M 7m25s
6881280K 40% 41.7M 7m22s
6914048K 41% 32.7M 7m20s
6946816K 41% 20.2M 7m19s
6979584K 41% 20.0M 7m17s
7012352K 41% 19.4M 7m16s
7045120K 41% 23.2M 7m15s
7077888K 42% 24.3M 7m13s
7110656K 42% 27.1M 7m11s
7143424K 42% 24.0M 7m10s
7176192K 42% 19.6M 7m8s
7208960K 42% 21.0M 7m7s
7241728K 43% 21.7M 7m6s
7274496K 43% 21.9M 7m4s
7307264K 43% 22.0M 7m3s
7340032K 43% 22.1M 7m1s
7372800K 43% 20.1M 7m0s
7405568K 44% 17.6M 6m59s
7438336K 44% 19.7M 6m58s
7471104K 44% 20.5M 6m57s
7503872K 44% 21.5M 6m55s
7536640K 44% 18.1M 6m54s
7569408K 44% 17.2M 6m53s
7602176K 45% 18.0M 6m52s
7634944K 45% 18.3M 6m51s
7667712K 45% 18.7M 6m50s
7700480K 45% 18.5M 6m49s
7733248K 45% 18.3M 6m48s
7766016K 46% 19.2M 6m46s
7798784K 46% 15.3M 6m46s
7831552K 46% 16.5M 6m45s
7864320K 46% 17.9M 6m44s
7897088K 46% 18.6M 6m42s
7929856K 47% 19.2M 6m41s
7962624K 47% 19.1M 6m40s
7995392K 47% 19.1M 6m39s
8028160K 47% 18.8M 6m37s
8060928K 47% 19.7M 6m36s
8093696K 48% 20.0M 6m35s
8126464K 48% 20.6M 6m33s
8159232K 48% 22.7M 6m32s
8192000K 48% 23.1M 6m30s
8224768K 48% 26.1M 6m29s
8257536K 49% 28.9M 6m27s
8290304K 49% 28.7M 6m25s
8323072K 49% 24.7M 6m23s
8355840K 49% 30.7M 6m21s
8388608K 49% 26.3M 6m20s
8421376K 50% 27.7M 6m18s
8454144K 50% 30.2M 6m16s
8486912K 50% 26.5M 6m14s
8519680K 50% 26.9M 6m12s
8552448K 50% 29.9M 6m11s
8585216K 51% 26.3M 6m9s
8617984K 51% 29.6M 6m7s
8650752K 51% 30.2M 6m5s
8683520K 51% 27.6M 6m4s
8716288K 51% 32.9M 6m2s
8749056K 51% 27.8M 6m0s
8781824K 52% 28.3M 5m58s
8814592K 52% 30.3M 5m56s
8847360K 52% 27.4M 5m55s
8880128K 52% 27.6M 5m53s
8912896K 52% 28.1M 5m51s
8945664K 53% 26.7M 5m50s
8978432K 53% 30.2M 5m48s
9011200K 53% 28.8M 5m46s
9043968K 53% 29.3M 5m44s
9076736K 53% 31.9M 5m42s
9109504K 54% 27.3M 5m41s
9142272K 54% 28.0M 5m39s
9175040K 54% 27.7M 5m37s
9207808K 54% 25.5M 5m36s
9240576K 54% 28.6M 5m34s
9273344K 55% 28.7M 5m32s
9306112K 55% 29.6M 5m31s
9338880K 55% 26.9M 5m29s
9371648K 55% 28.7M 5m27s
9404416K 55% 29.5M 5m26s
9437184K 56% 27.0M 5m24s
9469952K 56% 27.7M 5m22s
9502720K 56% 27.9M 5m21s
9535488K 56% 26.8M 5m19s
9568256K 56% 26.3M 5m18s
9601024K 57% 28.4M 5m16s
9633792K 57% 29.1M 5m14s
9666560K 57% 26.9M 5m13s
9699328K 57% 19.6M 5m11s
9732096K 57% 26.7M 5m10s
9764864K 57% 31.8M 5m8s
9797632K 58% 27.7M 5m6s
9830400K 58% 29.1M 5m5s
9863168K 58% 27.6M 5m3s
9895936K 58% 26.9M 5m2s
9928704K 58% 27.0M 5m0s
9961472K 59% 29.6M 4m58s
9994240K 59% 28.9M 4m57s
10027008K 59% 27.3M 4m55s
10059776K 59% 29.1M 4m54s
10092544K 59% 28.7M 4m52s
10125312K 60% 27.8M 4m50s
10158080K 60% 28.3M 4m49s
10190848K 60% 29.5M 4m47s
10223616K 60% 24.7M 4m46s
10256384K 60% 26.6M 4m44s
10289152K 61% 26.8M 4m43s
10321920K 61% 29.7M 4m41s
10354688K 61% 13.7M 4m40s
10387456K 61% 11.4M 4m40s
10420224K 61% 12.3M 4m39s
10452992K 62% 12.5M 4m38s
10485760K 62% 10.4M 4m38s
10518528K 62% 11.6M 4m37s
10551296K 62% 12.4M 4m36s
10584064K 62% 12.5M 4m36s
10616832K